// Jest Snapshot v1, https://goo.gl/fbAQLP

exports[`home component match snapshot 1`] = `[Function]`;
